Please enter value for variable NAME:Please enter value for variable PARENT_MODULE:Created file: C:\wamp\wamp\www\Joseki\FileTemplate\tests\JosekiTests\FileTemplate/output/Demo/Application/Admin/Foo/Presenter.php
Created file: C:\wamp\wamp\www\Joseki\FileTemplate\tests\JosekiTests\FileTemplate/output/Demo/Application/Admin/Foo/HomepagePresenter.php
Created file: C:\wamp\wamp\www\Joseki\FileTemplate\tests\JosekiTests\FileTemplate/output/Demo/Application/Admin/Foo/Homepage/default.latte
Created file: C:\wamp\wamp\www\Joseki\FileTemplate\tests\JosekiTests\FileTemplate/output/Demo/Application/Admin/Foo/@layout.latte
