Please enter value for variable NAMESPACE:Please enter value for variable CONTROL:Created file: C:\wamp\wamp\www\Joseki\FileTemplate\tests\JosekiTests\FileTemplate/output/Foo.php
Created file: C:\wamp\wamp\www\Joseki\FileTemplate\tests\JosekiTests\FileTemplate/output/FooFactory.php
Created file: C:\wamp\wamp\www\Joseki\FileTemplate\tests\JosekiTests\FileTemplate/output/template.latte
